<html>
<body>
<pre>
<h1>µVision Build Log</h1>
<h2>Tool Versions:</h2>
IDE-Version: µVision V5.29.0.0
Copyright (C) 2019 ARM Ltd and ARM Germany GmbH. All rights reserved.
License Information: CCordero CCordero, luxoft, LIC=----
 
Tool Versions:
Toolchain:       MDK-Lite  Version: 5.29.0.0
Toolchain Path:  C:\Keil_v5\ARM\ARMCC\Bin
C Compiler:      Armcc.exe V5.06 update 6 (build 750)
Assembler:       Armasm.exe V5.06 update 6 (build 750)
Linker/Locator:  ArmLink.exe V5.06 update 6 (build 750)
Library Manager: ArmAr.exe V5.06 update 6 (build 750)
Hex Converter:   FromElf.exe V5.06 update 6 (build 750)
CPU DLL:         SARMCM3.DLL V5.29.0.0
Dialog DLL:      DCM.DLL V1.17.3.0
Target DLL:      STLink\ST-LINKIII-KEIL_SWO.dll V3.0.7.0
Dialog DLL:      TCM.DLL V1.36.5.0
 
<h2>Project:</h2>
C:\Users\ccordero\Desktop\training\DaVinci\DavinciDev_training\Integration\DaVinciIntegration\MDK-ARM\DaVinciIntegration.uvprojx
Project File Date:  04/22/2020

<h2>Output:</h2>
*** Using Compiler 'V5.06 update 6 (build 750)', folder: 'C:\Keil_v5\ARM\ARMCC\Bin'
Rebuild target 'DaVinciIntegration'
assembling startup_stm32f446xx.s...
compiling CpAp3.c...
compiling CpAp2.c...
compiling CpAp1.c...
compiling stm32f4xx_hal_flash_ramfunc.c...
compiling stm32f4xx_hal_timebase_tim.c...
compiling stm32f4xx_hal_gpio.c...
compiling stm32f4xx_hal_msp.c...
compiling stm32f4xx_hal_flash_ex.c...
compiling stm32f4xx_hal_flash.c...
compiling freertos.c...
compiling stm32f4xx_it.c...
compiling stm32f4xx_hal_rcc.c...
compiling stm32f4xx_hal_rcc_ex.c...
compiling stm32f4xx_hal_exti.c...
compiling stm32f4xx_hal.c...
compiling stm32f4xx_hal_dma.c...
compiling stm32f4xx_hal_cortex.c...
compiling stm32f4xx_hal_pwr.c...
compiling stm32f4xx_hal_tim_ex.c...
compiling stm32f4xx_hal_pwr_ex.c...
compiling croutine.c...
compiling list.c...
compiling event_groups.c...
compiling stm32f4xx_hal_uart.c...
compiling stream_buffer.c...
compiling stm32f4xx_hal_dma_ex.c...
compiling queue.c...
compiling timers.c...
compiling heap_4.c...
compiling tasks.c...
compiling port.c...
compiling cmsis_os.c...
compiling stm32f4xx_hal_tim.c...
compiling system_stm32f4xx.c...
compiling main.c...
../Src/Os_MemMap.h(584): warning:  #161-D: unrecognized #pragma
  # pragma ghs section text = ".OS_Task_CpAp1_1s_CODE" /* PRQA S 3116 */ /* MD_MSR_Pragma */
../Src/Os_MemMap.h(597): warning:  #161-D: unrecognized #pragma
  # pragma ghs section text = default /* PRQA S 3116 */ /* MD_MSR_Pragma */
../Src/Os_MemMap.h(612): warning:  #161-D: unrecognized #pragma
  # pragma ghs section text = ".OS_Task_CpAp2_2s_CODE" /* PRQA S 3116 */ /* MD_MSR_Pragma */
../Src/Os_MemMap.h(625): warning:  #161-D: unrecognized #pragma
  # pragma ghs section text = default /* PRQA S 3116 */ /* MD_MSR_Pragma */
../Src/Os_MemMap.h(640): warning:  #161-D: unrecognized #pragma
  # pragma ghs section text = ".OS_Task_DcmEcuReset_CODE" /* PRQA S 3116 */ /* MD_MSR_Pragma */
../Src/Os_MemMap.h(653): warning:  #161-D: unrecognized #pragma
  # pragma ghs section text = default /* PRQA S 3116 */ /* MD_MSR_Pragma */
../Src/Os_MemMap.h(668): warning:  #161-D: unrecognized #pragma
  # pragma ghs section text = ".OS_Task_MM_BSWDummyHigh_CODE" /* PRQA S 3116 */ /* MD_MSR_Pragma */
../Src/Os_MemMap.h(681): warning:  #161-D: unrecognized #pragma
  # pragma ghs section text = default /* PRQA S 3116 */ /* MD_MSR_Pragma */
../Src/Os_MemMap.h(696): warning:  #161-D: unrecognized #pragma
  # pragma ghs section text = ".OS_Task_MM_BSWDummyLow_CODE" /* PRQA S 3116 */ /* MD_MSR_Pragma */
../Src/Os_MemMap.h(709): warning:  #161-D: unrecognized #pragma
  # pragma ghs section text = default /* PRQA S 3116 */ /* MD_MSR_Pragma */
../Src/Os_MemMap.h(724): warning:  #161-D: unrecognized #pragma
  # pragma ghs section text = ".OS_Task_MM_BSWDummyMedium_CODE" /* PRQA S 3116 */ /* MD_MSR_Pragma */
../Src/Os_MemMap.h(737): warning:  #161-D: unrecognized #pragma
  # pragma ghs section text = default /* PRQA S 3116 */ /* MD_MSR_Pragma */
../Src/Os_MemMap.h(752): warning:  #161-D: unrecognized #pragma
  # pragma ghs section text = ".OS_Task_MM_BSWDummyMediumLow_CODE" /* PRQA S 3116 */ /* MD_MSR_Pragma */
../Src/Os_MemMap.h(765): warning:  #161-D: unrecognized #pragma
  # pragma ghs section text = default /* PRQA S 3116 */ /* MD_MSR_Pragma */
../Src/Os_MemMap.h(780): warning:  #161-D: unrecognized #pragma
  # pragma ghs section text = ".OS_Task_MM_HighPeriodic_CODE" /* PRQA S 3116 */ /* MD_MSR_Pragma */
../Src/Os_MemMap.h(793): warning:  #161-D: unrecognized #pragma
  # pragma ghs section text = default /* PRQA S 3116 */ /* MD_MSR_Pragma */
../Src/Os_MemMap.h(808): warning:  #161-D: unrecognized #pragma
  # pragma ghs section text = ".OS_Task_MM_LowPeriodic_CODE" /* PRQA S 3116 */ /* MD_MSR_Pragma */
../Src/Os_MemMap.h(821): warning:  #161-D: unrecognized #pragma
  # pragma ghs section text = default /* PRQA S 3116 */ /* MD_MSR_Pragma */
../Src/Os_MemMap.h(836): warning:  #161-D: unrecognized #pragma
  # pragma ghs section text = ".OS_Task_MM_MediumLowPeriodic_CODE" /* PRQA S 3116 */ /* MD_MSR_Pragma */
../Src/Os_MemMap.h(849): warning:  #161-D: unrecognized #pragma
  # pragma ghs section text = default /* PRQA S 3116 */ /* MD_MSR_Pragma */
../Src/Os_MemMap.h(864): warning:  #161-D: unrecognized #pragma
  # pragma ghs section text = ".OS_Task_MM_MediumPeriodic_CODE" /* PRQA S 3116 */ /* MD_MSR_Pragma */
../Src/Os_MemMap.h(877): warning:  #161-D: unrecognized #pragma
  # pragma ghs section text = default /* PRQA S 3116 */ /* MD_MSR_Pragma */
../Src/Os_MemMap.h(892): warning:  #161-D: unrecognized #pragma
  # pragma ghs section text = ".OS_Task_MM_SWCDummy_CODE" /* PRQA S 3116 */ /* MD_MSR_Pragma */
../Src/Os_MemMap.h(905): warning:  #161-D: unrecognized #pragma
  # pragma ghs section text = default /* PRQA S 3116 */ /* MD_MSR_Pragma */
../Src/Os_MemMap.h(920): warning:  #161-D: unrecognized #pragma
  # pragma ghs section text = ".OS_Task_MM_SWCDummy_High_CODE" /* PRQA S 3116 */ /* MD_MSR_Pragma */
../Src/Os_MemMap.h(933): warning:  #161-D: unrecognized #pragma
  # pragma ghs section text = default /* PRQA S 3116 */ /* MD_MSR_Pragma */
../Src/Os_MemMap.h(948): warning:  #161-D: unrecognized #pragma
  # pragma ghs section text = ".OS_Task_MM_SWCDummy_Out_CODE" /* PRQA S 3116 */ /* MD_MSR_Pragma */
../Src/Os_MemMap.h(961): warning:  #161-D: unrecognized #pragma
  # pragma ghs section text = default /* PRQA S 3116 */ /* MD_MSR_Pragma */
../Src/Os_MemMap.h(976): warning:  #161-D: unrecognized #pragma
  # pragma ghs section text = ".OS_Task_M_Init_CODE" /* PRQA S 3116 */ /* MD_MSR_Pragma */
../Src/Os_MemMap.h(989): warning:  #161-D: unrecognized #pragma
  # pragma ghs section text = default /* PRQA S 3116 */ /* MD_MSR_Pragma */
../Src/Os_MemMap.h(1004): warning:  #161-D: unrecognized #pragma
  # pragma ghs section text = ".OS_Task_M_Shutdown_CODE" /* PRQA S 3116 */ /* MD_MSR_Pragma */
../Src/Os_MemMap.h(1017): warning:  #161-D: unrecognized #pragma
  # pragma ghs section text = default /* PRQA S 3116 */ /* MD_MSR_Pragma */
../Src/Os_MemMap.h(1032): warning:  #161-D: unrecognized #pragma
  # pragma ghs section text = ".OS_Task_NvMImmWrite_CODE" /* PRQA S 3116 */ /* MD_MSR_Pragma */
../Src/Os_MemMap.h(1045): warning:  #161-D: unrecognized #pragma
  # pragma ghs section text = default /* PRQA S 3116 */ /* MD_MSR_Pragma */
../Src/Os_MemMap.h(1060): warning:  #161-D: unrecognized #pragma
  # pragma ghs section text = ".OS_Task_NvM_10sWrite_CODE" /* PRQA S 3116 */ /* MD_MSR_Pragma */
../Src/Os_MemMap.h(1073): warning:  #161-D: unrecognized #pragma
  # pragma ghs section text = default /* PRQA S 3116 */ /* MD_MSR_Pragma */
../Src/Os_MemMap.h(192): warning:  #161-D: unrecognized #pragma
  # pragma ghs section text = ".OS_AQS_SNS_Interrupt_TAUJ1_2_CODE" /* PRQA S 3116 */ /* MD_MSR_Pragma */
../Src/Os_MemMap.h(205): warning:  #161-D: unrecognized #pragma
  # pragma ghs section text = default /* PRQA S 3116 */ /* MD_MSR_Pragma */
../Src/Os_MemMap.h(220): warning:  #161-D: unrecognized #pragma
  # pragma ghs section text = ".OS_AQS_SNS_Interrupt_TAUJ1_3_CODE" /* PRQA S 3116 */ /* MD_MSR_Pragma */
../Src/Os_MemMap.h(233): warning:  #161-D: unrecognized #pragma
  # pragma ghs section text = default /* PRQA S 3116 */ /* MD_MSR_Pragma */
../Src/Os_MemMap.h(248): warning:  #161-D: unrecognized #pragma
  # pragma ghs section text = ".OS_CanIsrRxFifo_CODE" /* PRQA S 3116 */ /* MD_MSR_Pragma */
../Src/Os_MemMap.h(261): warning:  #161-D: unrecognized #pragma
  # pragma ghs section text = default /* PRQA S 3116 */ /* MD_MSR_Pragma */
../Src/Os_MemMap.h(276): warning:  #161-D: unrecognized #pragma
  # pragma ghs section text = ".OS_CanIsrTx_3_CODE" /* PRQA S 3116 */ /* MD_MSR_Pragma */
../Src/Os_MemMap.h(289): warning:  #161-D: unrecognized #pragma
  # pragma ghs section text = default /* PRQA S 3116 */ /* MD_MSR_Pragma */
../Src/Os_MemMap.h(304): warning:  #161-D: unrecognized #pragma
  # pragma ghs section text = ".OS_CanTrcv_52_UJA1169_HalM_IsrRxCh0_CODE" /* PRQA S 3116 */ /* MD_MSR_Pragma */
../Src/Os_MemMap.h(317): warning:  #161-D: unrecognized #pragma
  # pragma ghs section text = default /* PRQA S 3116 */ /* MD_MSR_Pragma */
../Src/Os_MemMap.h(332): warning:  #161-D: unrecognized #pragma
  # pragma ghs section text = ".OS_EXROM_Interrupt_CSIH0_Rx_CODE" /* PRQA S 3116 */ /* MD_MSR_Pragma */
../Src/Os_MemMap.h(345): warning:  #161-D: unrecognized #pragma
  # pragma ghs section text = default /* PRQA S 3116 */ /* MD_MSR_Pragma */
../Src/Os_MemMap.h(360): warning:  #161-D: unrecognized #pragma
  # pragma ghs section text = ".OS_EXROM_Interrupt_CSIH0_Tx_CODE" /* PRQA S 3116 */ /* MD_MSR_Pragma */
../Src/Os_MemMap.h(373): warning:  #161-D: unrecognized #pragma
  # pragma ghs section text = default /* PRQA S 3116 */ /* MD_MSR_Pragma */
../Src/Os_MemMap.h(388): warning:  #161-D: unrecognized #pragma
  # pragma ghs section text = ".OS_ExeM_SleepTimer_Hal_ISR_CODE" /* PRQA S 3116 */ /* MD_MSR_Pragma */
../Src/Os_MemMap.h(401): warning:  #161-D: unrecognized #pragma
  # pragma ghs section text = default /* PRQA S 3116 */ /* MD_MSR_Pragma */
../Src/Os_MemMap.h(416): warning:  #161-D: unrecognized #pragma
  # pragma ghs section text = ".OS_HUMI_SNS_Interrupt_TAUB0_15_CODE" /* PRQA S 3116 */ /* MD_MSR_Pragma */
../Src/Os_MemMap.h(429): warning:  #161-D: unrecognized #pragma
  # pragma ghs section text = default /* PRQA S 3116 */ /* MD_MSR_Pragma */
../Src/Os_MemMap.h(444): warning:  #161-D: unrecognized #pragma
  # pragma ghs section text = ".OS_MOT_Interrupt_CSIH3_Rx_CODE" /* PRQA S 3116 */ /* MD_MSR_Pragma */
../Src/Os_MemMap.h(457): warning:  #161-D: unrecognized #pragma
  # pragma ghs section text = default /* PRQA S 3116 */ /* MD_MSR_Pragma */
../Src/Os_MemMap.h(472): warning:  #161-D: unrecognized #pragma
  # pragma ghs section text = ".OS_MOT_Interrupt_CSIH3_Tx_CODE" /* PRQA S 3116 */ /* MD_MSR_Pragma */
../Src/Os_MemMap.h(485): warning:  #161-D: unrecognized #pragma
  # pragma ghs section text = default /* PRQA S 3116 */ /* MD_MSR_Pragma */
../Src/Os_MemMap.h(500): warning:  #161-D: unrecognized #pragma
  # pragma ghs section text = ".OS_PM_SNS_Interrupt_RLIN31_CODE" /* PRQA S 3116 */ /* MD_MSR_Pragma */
../Src/Os_MemMap.h(513): warning:  #161-D: unrecognized #pragma
  # pragma ghs section text = default /* PRQA S 3116 */ /* MD_MSR_Pragma */
../Src/Os_MemMap.h(528): warning:  #161-D: unrecognized #pragma
  # pragma ghs section text = ".OS_RMON_Interrupt_RLIN32_Rx_CODE" /* PRQA S 3116 */ /* MD_MSR_Pragma */
../Src/Os_MemMap.h(541): warning:  #161-D: unrecognized #pragma
  # pragma ghs section text = default /* PRQA S 3116 */ /* MD_MSR_Pragma */
../Src/Os_MemMap.h(556): warning:  #161-D: unrecognized #pragma
  # pragma ghs section text = ".OS_RMON_Interrupt_RLIN32_Tx_CODE" /* PRQA S 3116 */ /* MD_MSR_Pragma */
../Src/Os_MemMap.h(569): warning:  #161-D: unrecognized #pragma
  # pragma ghs section text = default /* PRQA S 3116 */ /* MD_MSR_Pragma */
../Src/Os_MemMap.h(164): warning:  #161-D: unrecognized #pragma
  # pragma ghs section text = ".OS_STARTUPHOOK_CODE" /* PRQA S 3116 */ /* MD_MSR_Pragma */
../Src/Os_MemMap.h(177): warning:  #161-D: unrecognized #pragma
  # pragma ghs section text = default /* PRQA S 3116 */ /* MD_MSR_Pragma */
../Src/Os_MemMap.h(136): warning:  #161-D: unrecognized #pragma
  # pragma ghs section text = ".OS_SHUTDOWNHOOK_CODE" /* PRQA S 3116 */ /* MD_MSR_Pragma */
../Src/Os_MemMap.h(149): warning:  #161-D: unrecognized #pragma
  # pragma ghs section text = default /* PRQA S 3116 */ /* MD_MSR_Pragma */
../Src/Os_MemMap.h(52): warning:  #161-D: unrecognized #pragma
  # pragma ghs section text = ".OS_ERRORHOOK_CODE" /* PRQA S 3116 */ /* MD_MSR_Pragma */
../Src/Os_MemMap.h(65): warning:  #161-D: unrecognized #pragma
  # pragma ghs section text = default /* PRQA S 3116 */ /* MD_MSR_Pragma */
../Src/Os_MemMap.h(108): warning:  #161-D: unrecognized #pragma
  # pragma ghs section text = ".OS_PANICHOOK_CODE" /* PRQA S 3116 */ /* MD_MSR_Pragma */
../Src/Os_MemMap.h(121): warning:  #161-D: unrecognized #pragma
  # pragma ghs section text = default /* PRQA S 3116 */ /* MD_MSR_Pragma */
../Src/main.c: 72 warnings, 0 errors
linking...
Program Size: Code=10504 RO-data=548 RW-data=136 ZI-data=18752  
FromELF: creating hex file...
"DaVinciIntegration\DaVinciIntegration.axf" - 0 Error(s), 72 Warning(s).

<h2>Software Packages used:</h2>

Package Vendor: ARM
                http://www.keil.com/pack/ARM.CMSIS.5.6.0.pack
                ARM.CMSIS.5.6.0
                CMSIS (Cortex Microcontroller Software Interface Standard)
   * Component: CORE Version: 5.3.0

Package Vendor: Keil
                http://www.keil.com/pack/Keil.STM32F4xx_DFP.2.14.0.pack
                Keil.STM32F4xx_DFP.2.14.0
                STMicroelectronics STM32F4 Series Device Support, Drivers and Examples

<h2>Collection of Component include folders:</h2>
  .\RTE\_DaVinciIntegration
  C:\Users\ccordero\AppData\Local\Arm\Packs\ARM\CMSIS\5.6.0\CMSIS\Core\Include
  C:\Users\ccordero\AppData\Local\Arm\Packs\Keil\STM32F4xx_DFP\2.14.0\Drivers\CMSIS\Device\ST\STM32F4xx\Include

<h2>Collection of Component Files used:</h2>

   * Component: ARM::CMSIS:CORE:5.3.0
Build Time Elapsed:  00:00:43
</pre>
</body>
</html>
